SET CURRENT_SCHEMA TO segment_subpartition_scan;
select * from range_list order by 1, 2, 3, 4;
 month_code | dept_code | user_no | sales_amt 
------------+-----------+---------+-----------
 201902     | 1         | 1       |         1
 201902     | 1         | 1       |         1
 201902     | 2         | 1       |         1
 201903     | 1         | 1       |         1
 201903     | 2         | 1       |         1
 201903     | 2         | 1       |         1
(6 rows)

select * from range_list where month_code = '201902' order by 1, 2, 3, 4;
 month_code | dept_code | user_no | sales_amt 
------------+-----------+---------+-----------
 201902     | 1         | 1       |         1
 201902     | 1         | 1       |         1
 201902     | 2         | 1       |         1
(3 rows)

select * from range_list where dept_code = '1' order by 1, 2, 3, 4;
 month_code | dept_code | user_no | sales_amt 
------------+-----------+---------+-----------
 201902     | 1         | 1       |         1
 201902     | 1         | 1       |         1
 201903     | 1         | 1       |         1
(3 rows)

select * from range_list where user_no = '1' order by 1, 2, 3, 4;
 month_code | dept_code | user_no | sales_amt 
------------+-----------+---------+-----------
 201902     | 1         | 1       |         1
 201902     | 1         | 1       |         1
 201902     | 2         | 1       |         1
 201903     | 1         | 1       |         1
 201903     | 2         | 1       |         1
 201903     | 2         | 1       |         1
(6 rows)

