\! gs_ktool -d all
DELETE ALL

\! gs_ktool -g
GENERATE
1
DROP CLIENT MASTER KEY IF EXISTS copyCMK CASCADE;
NOTICE:  client master key "copycmk" does not exist
CREATE CLIENT MASTER KEY copyCMK WITH ( KEY_STORE = gs_ktool , KEY_PATH = "gs_ktool/1" , ALGORITHM = AES_256_CBC);
CREATE COLUMN ENCRYPTION KEY copyCEK WITH VALUES (CLIENT_MASTER_KEY = copyCMK, ALGORITHM = AEAD_AES_256_CBC_HMAC_SHA256);
CREATE TABLE IF NOT EXISTS CopyFromTbl(i0 INT, i1 INT ENCRYPTED WITH (COLUMN_ENCRYPTION_KEY = copyCEK, ENCRYPTION_TYPE = DETERMINISTIC) , i2 INT);
COPY copyfromtbl FROM stdin;
-- fail   error
COPY copyfromtbl FROM stdin;
ERROR:  extra data after last expected column
--?CONTEXT:  COPY copyfromtbl, line 1: .*
SELECT * FROM CopyFromTbl ORDER BY i0;
 i0 | i1 | i2 
----+----+----
  5 | 10 |  7
 20 | 20 |  8
 30 | 10 | 12
 50 | 35 | 12
 80 | 15 | 23
(5 rows)

COPY copyfromtbl (i0, i1,i2) FROM stdin;
SELECT * FROM CopyFromTbl ORDER BY i0;
 i0 | i1 | i2 
----+----+----
  5 | 10 |  7
  5 | 10 |  7
 20 | 20 |  8
 20 | 20 |  8
 30 | 10 | 12
 30 | 10 | 12
 50 | 35 | 12
 50 | 35 | 12
 80 | 15 | 23
 80 | 15 | 23
(10 rows)

\copy CopyFromTbl FROM 'ce_copy_from.csv' WITH DELIMITER ',' CSV HEADER;
ce_copy_from.csv: No such file or directory
SELECT * FROM CopyFromTbl ORDER BY i0;
 i0 | i1 | i2 
----+----+----
  5 | 10 |  7
  5 | 10 |  7
 20 | 20 |  8
 20 | 20 |  8
 30 | 10 | 12
 30 | 10 | 12
 50 | 35 | 12
 50 | 35 | 12
 80 | 15 | 23
 80 | 15 | 23
(10 rows)

\copy (SELECT * FROM CopyFromTbl ORDER BY i2) TO 'ce_copy_to.csv' WITH DELIMITER ',' CSV HEADER;
copy CopyFromTbl FROM 'ce_copy_from.csv' WITH DELIMITER ',' CSV HEADER;
ERROR(CLIENT): column encryption does't support copy from server file to table
copy CopyFromTbl (i0, i1,i2) FROM 'ce_copy_from.csv' WITH DELIMITER ',' CSV HEADER;
ERROR(CLIENT): column encryption does't support copy from server file to table
copy CopyFromTbl TO 'ce_copy_to.csv' WITH DELIMITER ',' CSV HEADER;
ERROR(CLIENT): column encryption does't support copy from server file to table
copy (SELECT * FROM CopyFromTbl ORDER BY i2) TO 'ce_copy_to.csv' WITH DELIMITER ',' CSV HEADER;
ERROR(CLIENT): column encryption does't support copy from server file to table
CREATE TABLE IF NOT EXISTS CopyTOTbl(i0 INT, i1 INT ENCRYPTED WITH (COLUMN_ENCRYPTION_KEY=copyCEK, ENCRYPTION_TYPE = DETERMINISTIC) , i2 INT);
\copy CopyToTbl FROM 'ce_copy_to.csv' WITH DELIMITER ',' CSV HEADER;
SELECT * FROM CopyToTbl ORDER BY i0;
 i0 | i1 | i2 
----+----+----
  5 | 10 |  7
  5 | 10 |  7
 20 | 20 |  8
 20 | 20 |  8
 30 | 10 | 12
 30 | 10 | 12
 50 | 35 | 12
 50 | 35 | 12
 80 | 15 | 23
 80 | 15 | 23
(10 rows)

COPY (SELECT * FROM CopyFromTbl ORDER BY i0) TO stdout;
5	10	7
5	10	7
20	20	8
20	20	8
30	10	12
30	10	12
50	35	12
50	35	12
80	15	23
80	15	23
DROP TABLE CopyFromTbl;
DROP TABLE CopyToTbl;
DROP CLIENT MASTER KEY copyCMK CASCADE;
NOTICE:  drop cascades to column encryption key: copycek
\! gs_ktool -d all
DELETE ALL
 1
