--
-- SP-GiST
--
CREATE TABLE quad_point_tbl AS
    SELECT point(unique1,unique2) AS p FROM tenk1;
INSERT INTO quad_point_tbl
    SELECT '(333.0,400.0)'::point FROM generate_series(1,1000);
INSERT INTO quad_point_tbl VALUES (NULL), (NULL), (NULL);
CREATE INDEX sp_quad_ind ON quad_point_tbl USING spgist (p);
ERROR:  access method "spgist" does not support row store
CREATE TABLE kd_point_tbl AS SELECT * FROM quad_point_tbl;
CREATE INDEX sp_kd_ind ON kd_point_tbl USING spgist (p kd_point_ops);
ERROR:  access method "spgist" does not support row store
CREATE TABLE suffix_text_tbl AS
    SELECT name AS t FROM road WHERE name !~ '^[0-9]';
INSERT INTO suffix_text_tbl
    SELECT 'P0123456789abcdef' FROM generate_series(1,1000);
INSERT INTO suffix_text_tbl VALUES ('P0123456789abcde');
INSERT INTO suffix_text_tbl VALUES ('P0123456789abcdefF');
CREATE INDEX sp_suff_ind ON suffix_text_tbl USING spgist (t);
ERROR:  access method "spgist" does not support row store
--
-- Test SP-GiST indexes
--
-- get non-indexed results for comparison purposes
SET enable_seqscan = ON;
SET enable_indexscan = OFF;
SET enable_bitmapscan = OFF;
SELECT count(*) FROM quad_point_tbl WHERE p IS NULL;
 count 
-------
     3
(1 row)

SELECT count(*) FROM quad_point_tbl WHERE p IS NOT NULL;
 count 
-------
  1000
(1 row)

SELECT count(*) FROM quad_point_tbl;
 count 
-------
  1003
(1 row)

SELECT count(*) FROM quad_point_tbl WHERE p <@ box '(200,200,1000,1000)';
 count 
-------
  1000
(1 row)

SELECT count(*) FROM quad_point_tbl WHERE box '(200,200,1000,1000)' @> p;
 count 
-------
  1000
(1 row)

SELECT count(*) FROM quad_point_tbl WHERE p << '(5000, 4000)';
 count 
-------
  1000
(1 row)

SELECT count(*) FROM quad_point_tbl WHERE p >> '(5000, 4000)';
 count 
-------
     0
(1 row)

SELECT count(*) FROM quad_point_tbl WHERE p <^ '(5000, 4000)';
 count 
-------
  1000
(1 row)

SELECT count(*) FROM quad_point_tbl WHERE p >^ '(5000, 4000)';
 count 
-------
     0
(1 row)

SELECT count(*) FROM quad_point_tbl WHERE p ~= '(4585, 365)';
 count 
-------
     0
(1 row)

SELECT count(*) FROM suffix_text_tbl WHERE t = 'P0123456789abcdef';
 count 
-------
  1000
(1 row)

SELECT count(*) FROM suffix_text_tbl WHERE t = 'P0123456789abcde';
 count 
-------
     1
(1 row)

SELECT count(*) FROM suffix_text_tbl WHERE t = 'P0123456789abcdefF';
 count 
-------
     1
(1 row)

SELECT count(*) FROM suffix_text_tbl WHERE t <    'Aztec                         Ct  ';
 count 
-------
     0
(1 row)

SELECT count(*) FROM suffix_text_tbl WHERE t ~<~  'Aztec                         Ct  ';
 count 
-------
     0
(1 row)

SELECT count(*) FROM suffix_text_tbl WHERE t <=   'Aztec                         Ct  ';
 count 
-------
     0
(1 row)

SELECT count(*) FROM suffix_text_tbl WHERE t ~<=~ 'Aztec                         Ct  ';
 count 
-------
     0
(1 row)

SELECT count(*) FROM suffix_text_tbl WHERE t =    'Aztec                         Ct  ';
 count 
-------
     0
(1 row)

SELECT count(*) FROM suffix_text_tbl WHERE t =    'Worth                         St  ';
 count 
-------
     0
(1 row)

SELECT count(*) FROM suffix_text_tbl WHERE t >=   'Worth                         St  ';
 count 
-------
     0
(1 row)

SELECT count(*) FROM suffix_text_tbl WHERE t ~>=~ 'Worth                         St  ';
 count 
-------
     0
(1 row)

SELECT count(*) FROM suffix_text_tbl WHERE t >    'Worth                         St  ';
 count 
-------
     0
(1 row)

SELECT count(*) FROM suffix_text_tbl WHERE t ~>~  'Worth                         St  ';
 count 
-------
     0
(1 row)

-- Now check the results from plain indexscan
SET enable_seqscan = OFF;
SET enable_indexscan = ON;
SET enable_bitmapscan = OFF;
EXPLAIN(COSTS OFF)
SELECT count(*) FROM quad_point_tbl WHERE p IS NULL;
            QUERY PLAN            
----------------------------------
 Aggregate
   ->  Seq Scan on quad_point_tbl
         Filter: (p IS NULL)
(3 rows)

SELECT count(*) FROM quad_point_tbl WHERE p IS NULL;
 count 
-------
     3
(1 row)

EXPLAIN(COSTS OFF)
SELECT count(*) FROM quad_point_tbl WHERE p IS NOT NULL;
            QUERY PLAN            
----------------------------------
 Aggregate
   ->  Seq Scan on quad_point_tbl
         Filter: (p IS NOT NULL)
(3 rows)

SELECT count(*) FROM quad_point_tbl WHERE p IS NOT NULL;
 count 
-------
  1000
(1 row)

EXPLAIN(COSTS OFF)
SELECT count(*) FROM quad_point_tbl;
            QUERY PLAN            
----------------------------------
 Aggregate
   ->  Seq Scan on quad_point_tbl
(2 rows)

SELECT count(*) FROM quad_point_tbl;
 count 
-------
  1003
(1 row)

EXPLAIN(COSTS OFF)
SELECT count(*) FROM quad_point_tbl WHERE p <@ box '(200,200,1000,1000)';
                     QUERY PLAN                      
-----------------------------------------------------
 Aggregate
   ->  Seq Scan on quad_point_tbl
         Filter: (p <@ '(1000,1000),(200,200)'::box)
(3 rows)

SELECT count(*) FROM quad_point_tbl WHERE p <@ box '(200,200,1000,1000)';
 count 
-------
  1000
(1 row)

EXPLAIN(COSTS OFF)
SELECT count(*) FROM quad_point_tbl WHERE box '(200,200,1000,1000)' @> p;
                     QUERY PLAN                      
-----------------------------------------------------
 Aggregate
   ->  Seq Scan on quad_point_tbl
         Filter: ('(1000,1000),(200,200)'::box @> p)
(3 rows)

SELECT count(*) FROM quad_point_tbl WHERE box '(200,200,1000,1000)' @> p;
 count 
-------
  1000
(1 row)

EXPLAIN(COSTS OFF)
SELECT count(*) FROM quad_point_tbl WHERE p << '(5000, 4000)';
                 QUERY PLAN                  
---------------------------------------------
 Aggregate
   ->  Seq Scan on quad_point_tbl
         Filter: (p << '(5000,4000)'::point)
(3 rows)

SELECT count(*) FROM quad_point_tbl WHERE p << '(5000, 4000)';
 count 
-------
  1000
(1 row)

EXPLAIN(COSTS OFF)
SELECT count(*) FROM quad_point_tbl WHERE p >> '(5000, 4000)';
                 QUERY PLAN                  
---------------------------------------------
 Aggregate
   ->  Seq Scan on quad_point_tbl
         Filter: (p >> '(5000,4000)'::point)
(3 rows)

SELECT count(*) FROM quad_point_tbl WHERE p >> '(5000, 4000)';
 count 
-------
     0
(1 row)

EXPLAIN(COSTS OFF)
SELECT count(*) FROM quad_point_tbl WHERE p <^ '(5000, 4000)';
                 QUERY PLAN                  
---------------------------------------------
 Aggregate
   ->  Seq Scan on quad_point_tbl
         Filter: (p <^ '(5000,4000)'::point)
(3 rows)

SELECT count(*) FROM quad_point_tbl WHERE p <^ '(5000, 4000)';
 count 
-------
  1000
(1 row)

EXPLAIN(COSTS OFF)
SELECT count(*) FROM quad_point_tbl WHERE p >^ '(5000, 4000)';
                 QUERY PLAN                  
---------------------------------------------
 Aggregate
   ->  Seq Scan on quad_point_tbl
         Filter: (p >^ '(5000,4000)'::point)
(3 rows)

SELECT count(*) FROM quad_point_tbl WHERE p >^ '(5000, 4000)';
 count 
-------
     0
(1 row)

EXPLAIN(COSTS OFF)
SELECT count(*) FROM quad_point_tbl WHERE p ~= '(4585, 365)';
                 QUERY PLAN                 
--------------------------------------------
 Aggregate
   ->  Seq Scan on quad_point_tbl
         Filter: (p ~= '(4585,365)'::point)
(3 rows)

SELECT count(*) FROM quad_point_tbl WHERE p ~= '(4585, 365)';
 count 
-------
     0
(1 row)

EXPLAIN(COSTS OFF)
SELECT count(*) FROM kd_point_tbl WHERE p <@ box '(200,200,1000,1000)';
                     QUERY PLAN                      
-----------------------------------------------------
 Aggregate
   ->  Seq Scan on kd_point_tbl
         Filter: (p <@ '(1000,1000),(200,200)'::box)
(3 rows)

SELECT count(*) FROM kd_point_tbl WHERE p <@ box '(200,200,1000,1000)';
 count 
-------
  1000
(1 row)

EXPLAIN(COSTS OFF)
SELECT count(*) FROM kd_point_tbl WHERE box '(200,200,1000,1000)' @> p;
                     QUERY PLAN                      
-----------------------------------------------------
 Aggregate
   ->  Seq Scan on kd_point_tbl
         Filter: ('(1000,1000),(200,200)'::box @> p)
(3 rows)

SELECT count(*) FROM kd_point_tbl WHERE box '(200,200,1000,1000)' @> p;
 count 
-------
  1000
(1 row)

EXPLAIN(COSTS OFF)
SELECT count(*) FROM kd_point_tbl WHERE p << '(5000, 4000)';
                 QUERY PLAN                  
---------------------------------------------
 Aggregate
   ->  Seq Scan on kd_point_tbl
         Filter: (p << '(5000,4000)'::point)
(3 rows)

SELECT count(*) FROM kd_point_tbl WHERE p << '(5000, 4000)';
 count 
-------
  1000
(1 row)

EXPLAIN(COSTS OFF)
SELECT count(*) FROM kd_point_tbl WHERE p >> '(5000, 4000)';
                 QUERY PLAN                  
---------------------------------------------
 Aggregate
   ->  Seq Scan on kd_point_tbl
         Filter: (p >> '(5000,4000)'::point)
(3 rows)

SELECT count(*) FROM kd_point_tbl WHERE p >> '(5000, 4000)';
 count 
-------
     0
(1 row)

EXPLAIN(COSTS OFF)
SELECT count(*) FROM kd_point_tbl WHERE p <^ '(5000, 4000)';
                 QUERY PLAN                  
---------------------------------------------
 Aggregate
   ->  Seq Scan on kd_point_tbl
         Filter: (p <^ '(5000,4000)'::point)
(3 rows)

SELECT count(*) FROM kd_point_tbl WHERE p <^ '(5000, 4000)';
 count 
-------
  1000
(1 row)

EXPLAIN(COSTS OFF)
SELECT count(*) FROM kd_point_tbl WHERE p >^ '(5000, 4000)';
                 QUERY PLAN                  
---------------------------------------------
 Aggregate
   ->  Seq Scan on kd_point_tbl
         Filter: (p >^ '(5000,4000)'::point)
(3 rows)

SELECT count(*) FROM kd_point_tbl WHERE p >^ '(5000, 4000)';
 count 
-------
     0
(1 row)

EXPLAIN(COSTS OFF)
SELECT count(*) FROM kd_point_tbl WHERE p ~= '(4585, 365)';
                 QUERY PLAN                 
--------------------------------------------
 Aggregate
   ->  Seq Scan on kd_point_tbl
         Filter: (p ~= '(4585,365)'::point)
(3 rows)

SELECT count(*) FROM kd_point_tbl WHERE p ~= '(4585, 365)';
 count 
-------
     0
(1 row)

EXPLAIN(COSTS OFF)
SELECT count(*) FROM suffix_text_tbl WHERE t = 'P0123456789abcdef';
                   QUERY PLAN                    
-------------------------------------------------
 Aggregate
   ->  Seq Scan on suffix_text_tbl
         Filter: (t = 'P0123456789abcdef'::text)
(3 rows)

SELECT count(*) FROM suffix_text_tbl WHERE t = 'P0123456789abcdef';
 count 
-------
  1000
(1 row)

EXPLAIN(COSTS OFF)
SELECT count(*) FROM suffix_text_tbl WHERE t = 'P0123456789abcde';
                   QUERY PLAN                   
------------------------------------------------
 Aggregate
   ->  Seq Scan on suffix_text_tbl
         Filter: (t = 'P0123456789abcde'::text)
(3 rows)

SELECT count(*) FROM suffix_text_tbl WHERE t = 'P0123456789abcde';
 count 
-------
     1
(1 row)

EXPLAIN(COSTS OFF)
SELECT count(*) FROM suffix_text_tbl WHERE t = 'P0123456789abcdefF';
                    QUERY PLAN                    
--------------------------------------------------
 Aggregate
   ->  Seq Scan on suffix_text_tbl
         Filter: (t = 'P0123456789abcdefF'::text)
(3 rows)

SELECT count(*) FROM suffix_text_tbl WHERE t = 'P0123456789abcdefF';
 count 
-------
     1
(1 row)

EXPLAIN(COSTS OFF)
SELECT count(*) FROM suffix_text_tbl WHERE t <    'Aztec                         Ct  ';
                            QUERY PLAN                            
------------------------------------------------------------------
 Aggregate
   ->  Seq Scan on suffix_text_tbl
         Filter: (t < 'Aztec                         Ct  '::text)
(3 rows)

SELECT count(*) FROM suffix_text_tbl WHERE t <    'Aztec                         Ct  ';
 count 
-------
     0
(1 row)

EXPLAIN(COSTS OFF)
SELECT count(*) FROM suffix_text_tbl WHERE t ~<~  'Aztec                         Ct  ';
                             QUERY PLAN                             
--------------------------------------------------------------------
 Aggregate
   ->  Seq Scan on suffix_text_tbl
         Filter: (t ~<~ 'Aztec                         Ct  '::text)
(3 rows)

SELECT count(*) FROM suffix_text_tbl WHERE t ~<~  'Aztec                         Ct  ';
 count 
-------
     0
(1 row)

EXPLAIN(COSTS OFF)
SELECT count(*) FROM suffix_text_tbl WHERE t <=   'Aztec                         Ct  ';
                            QUERY PLAN                             
-------------------------------------------------------------------
 Aggregate
   ->  Seq Scan on suffix_text_tbl
         Filter: (t <= 'Aztec                         Ct  '::text)
(3 rows)

SELECT count(*) FROM suffix_text_tbl WHERE t <=   'Aztec                         Ct  ';
 count 
-------
     0
(1 row)

EXPLAIN(COSTS OFF)
SELECT count(*) FROM suffix_text_tbl WHERE t ~<=~ 'Aztec                         Ct  ';
                             QUERY PLAN                              
---------------------------------------------------------------------
 Aggregate
   ->  Seq Scan on suffix_text_tbl
         Filter: (t ~<=~ 'Aztec                         Ct  '::text)
(3 rows)

SELECT count(*) FROM suffix_text_tbl WHERE t ~<=~ 'Aztec                         Ct  ';
 count 
-------
     0
(1 row)

EXPLAIN(COSTS OFF)
SELECT count(*) FROM suffix_text_tbl WHERE t =    'Aztec                         Ct  ';
                            QUERY PLAN                            
------------------------------------------------------------------
 Aggregate
   ->  Seq Scan on suffix_text_tbl
         Filter: (t = 'Aztec                         Ct  '::text)
(3 rows)

SELECT count(*) FROM suffix_text_tbl WHERE t =    'Aztec                         Ct  ';
 count 
-------
     0
(1 row)

EXPLAIN(COSTS OFF)
SELECT count(*) FROM suffix_text_tbl WHERE t =    'Worth                         St  ';
                            QUERY PLAN                            
------------------------------------------------------------------
 Aggregate
   ->  Seq Scan on suffix_text_tbl
         Filter: (t = 'Worth                         St  '::text)
(3 rows)

SELECT count(*) FROM suffix_text_tbl WHERE t =    'Worth                         St  ';
 count 
-------
     0
(1 row)

EXPLAIN(COSTS OFF)
SELECT count(*) FROM suffix_text_tbl WHERE t >=   'Worth                         St  ';
                            QUERY PLAN                             
-------------------------------------------------------------------
 Aggregate
   ->  Seq Scan on suffix_text_tbl
         Filter: (t >= 'Worth                         St  '::text)
(3 rows)

SELECT count(*) FROM suffix_text_tbl WHERE t >=   'Worth                         St  ';
 count 
-------
     0
(1 row)

EXPLAIN(COSTS OFF)
SELECT count(*) FROM suffix_text_tbl WHERE t ~>=~ 'Worth                         St  ';
                             QUERY PLAN                              
---------------------------------------------------------------------
 Aggregate
   ->  Seq Scan on suffix_text_tbl
         Filter: (t ~>=~ 'Worth                         St  '::text)
(3 rows)

SELECT count(*) FROM suffix_text_tbl WHERE t ~>=~ 'Worth                         St  ';
 count 
-------
     0
(1 row)

EXPLAIN(COSTS OFF)
SELECT count(*) FROM suffix_text_tbl WHERE t >    'Worth                         St  ';
                            QUERY PLAN                            
------------------------------------------------------------------
 Aggregate
   ->  Seq Scan on suffix_text_tbl
         Filter: (t > 'Worth                         St  '::text)
(3 rows)

SELECT count(*) FROM suffix_text_tbl WHERE t >    'Worth                         St  ';
 count 
-------
     0
(1 row)

EXPLAIN(COSTS OFF)
SELECT count(*) FROM suffix_text_tbl WHERE t ~>~  'Worth                         St  ';
                             QUERY PLAN                             
--------------------------------------------------------------------
 Aggregate
   ->  Seq Scan on suffix_text_tbl
         Filter: (t ~>~ 'Worth                         St  '::text)
(3 rows)

SELECT count(*) FROM suffix_text_tbl WHERE t ~>~  'Worth                         St  ';
 count 
-------
     0
(1 row)

-- Now check the results from bitmap indexscan
SET enable_seqscan = OFF;
SET enable_indexscan = OFF;
SET enable_bitmapscan = ON;
EXPLAIN(COSTS OFF)
SELECT count(*) FROM quad_point_tbl WHERE p IS NULL;
            QUERY PLAN            
----------------------------------
 Aggregate
   ->  Seq Scan on quad_point_tbl
         Filter: (p IS NULL)
(3 rows)

SELECT count(*) FROM quad_point_tbl WHERE p IS NULL;
 count 
-------
     3
(1 row)

EXPLAIN(COSTS OFF)
SELECT count(*) FROM quad_point_tbl WHERE p IS NOT NULL;
            QUERY PLAN            
----------------------------------
 Aggregate
   ->  Seq Scan on quad_point_tbl
         Filter: (p IS NOT NULL)
(3 rows)

SELECT count(*) FROM quad_point_tbl WHERE p IS NOT NULL;
 count 
-------
  1000
(1 row)

EXPLAIN(COSTS OFF)
SELECT count(*) FROM quad_point_tbl;
            QUERY PLAN            
----------------------------------
 Aggregate
   ->  Seq Scan on quad_point_tbl
(2 rows)

SELECT count(*) FROM quad_point_tbl;
 count 
-------
  1003
(1 row)

EXPLAIN(COSTS OFF)
SELECT count(*) FROM quad_point_tbl WHERE p <@ box '(200,200,1000,1000)';
                     QUERY PLAN                      
-----------------------------------------------------
 Aggregate
   ->  Seq Scan on quad_point_tbl
         Filter: (p <@ '(1000,1000),(200,200)'::box)
(3 rows)

SELECT count(*) FROM quad_point_tbl WHERE p <@ box '(200,200,1000,1000)';
 count 
-------
  1000
(1 row)

EXPLAIN(COSTS OFF)
SELECT count(*) FROM quad_point_tbl WHERE box '(200,200,1000,1000)' @> p;
                     QUERY PLAN                      
-----------------------------------------------------
 Aggregate
   ->  Seq Scan on quad_point_tbl
         Filter: ('(1000,1000),(200,200)'::box @> p)
(3 rows)

SELECT count(*) FROM quad_point_tbl WHERE box '(200,200,1000,1000)' @> p;
 count 
-------
  1000
(1 row)

EXPLAIN(COSTS OFF)
SELECT count(*) FROM quad_point_tbl WHERE p << '(5000, 4000)';
                 QUERY PLAN                  
---------------------------------------------
 Aggregate
   ->  Seq Scan on quad_point_tbl
         Filter: (p << '(5000,4000)'::point)
(3 rows)

SELECT count(*) FROM quad_point_tbl WHERE p << '(5000, 4000)';
 count 
-------
  1000
(1 row)

EXPLAIN(COSTS OFF)
SELECT count(*) FROM quad_point_tbl WHERE p >> '(5000, 4000)';
                 QUERY PLAN                  
---------------------------------------------
 Aggregate
   ->  Seq Scan on quad_point_tbl
         Filter: (p >> '(5000,4000)'::point)
(3 rows)

SELECT count(*) FROM quad_point_tbl WHERE p >> '(5000, 4000)';
 count 
-------
     0
(1 row)

EXPLAIN(COSTS OFF)
SELECT count(*) FROM quad_point_tbl WHERE p <^ '(5000, 4000)';
                 QUERY PLAN                  
---------------------------------------------
 Aggregate
   ->  Seq Scan on quad_point_tbl
         Filter: (p <^ '(5000,4000)'::point)
(3 rows)

SELECT count(*) FROM quad_point_tbl WHERE p <^ '(5000, 4000)';
 count 
-------
  1000
(1 row)

EXPLAIN(COSTS OFF)
SELECT count(*) FROM quad_point_tbl WHERE p >^ '(5000, 4000)';
                 QUERY PLAN                  
---------------------------------------------
 Aggregate
   ->  Seq Scan on quad_point_tbl
         Filter: (p >^ '(5000,4000)'::point)
(3 rows)

SELECT count(*) FROM quad_point_tbl WHERE p >^ '(5000, 4000)';
 count 
-------
     0
(1 row)

EXPLAIN(COSTS OFF)
SELECT count(*) FROM quad_point_tbl WHERE p ~= '(4585, 365)';
                 QUERY PLAN                 
--------------------------------------------
 Aggregate
   ->  Seq Scan on quad_point_tbl
         Filter: (p ~= '(4585,365)'::point)
(3 rows)

SELECT count(*) FROM quad_point_tbl WHERE p ~= '(4585, 365)';
 count 
-------
     0
(1 row)

EXPLAIN(COSTS OFF)
SELECT count(*) FROM kd_point_tbl WHERE p <@ box '(200,200,1000,1000)';
                     QUERY PLAN                      
-----------------------------------------------------
 Aggregate
   ->  Seq Scan on kd_point_tbl
         Filter: (p <@ '(1000,1000),(200,200)'::box)
(3 rows)

SELECT count(*) FROM kd_point_tbl WHERE p <@ box '(200,200,1000,1000)';
 count 
-------
  1000
(1 row)

EXPLAIN(COSTS OFF)
SELECT count(*) FROM kd_point_tbl WHERE box '(200,200,1000,1000)' @> p;
                     QUERY PLAN                      
-----------------------------------------------------
 Aggregate
   ->  Seq Scan on kd_point_tbl
         Filter: ('(1000,1000),(200,200)'::box @> p)
(3 rows)

SELECT count(*) FROM kd_point_tbl WHERE box '(200,200,1000,1000)' @> p;
 count 
-------
  1000
(1 row)

EXPLAIN(COSTS OFF)
SELECT count(*) FROM kd_point_tbl WHERE p << '(5000, 4000)';
                 QUERY PLAN                  
---------------------------------------------
 Aggregate
   ->  Seq Scan on kd_point_tbl
         Filter: (p << '(5000,4000)'::point)
(3 rows)

SELECT count(*) FROM kd_point_tbl WHERE p << '(5000, 4000)';
 count 
-------
  1000
(1 row)

EXPLAIN(COSTS OFF)
SELECT count(*) FROM kd_point_tbl WHERE p >> '(5000, 4000)';
                 QUERY PLAN                  
---------------------------------------------
 Aggregate
   ->  Seq Scan on kd_point_tbl
         Filter: (p >> '(5000,4000)'::point)
(3 rows)

SELECT count(*) FROM kd_point_tbl WHERE p >> '(5000, 4000)';
 count 
-------
     0
(1 row)

EXPLAIN(COSTS OFF)
SELECT count(*) FROM kd_point_tbl WHERE p <^ '(5000, 4000)';
                 QUERY PLAN                  
---------------------------------------------
 Aggregate
   ->  Seq Scan on kd_point_tbl
         Filter: (p <^ '(5000,4000)'::point)
(3 rows)

SELECT count(*) FROM kd_point_tbl WHERE p <^ '(5000, 4000)';
 count 
-------
  1000
(1 row)

EXPLAIN(COSTS OFF)
SELECT count(*) FROM kd_point_tbl WHERE p >^ '(5000, 4000)';
                 QUERY PLAN                  
---------------------------------------------
 Aggregate
   ->  Seq Scan on kd_point_tbl
         Filter: (p >^ '(5000,4000)'::point)
(3 rows)

SELECT count(*) FROM kd_point_tbl WHERE p >^ '(5000, 4000)';
 count 
-------
     0
(1 row)

EXPLAIN(COSTS OFF)
SELECT count(*) FROM kd_point_tbl WHERE p ~= '(4585, 365)';
                 QUERY PLAN                 
--------------------------------------------
 Aggregate
   ->  Seq Scan on kd_point_tbl
         Filter: (p ~= '(4585,365)'::point)
(3 rows)

SELECT count(*) FROM kd_point_tbl WHERE p ~= '(4585, 365)';
 count 
-------
     0
(1 row)

EXPLAIN(COSTS OFF)
SELECT count(*) FROM suffix_text_tbl WHERE t = 'P0123456789abcdef';
                   QUERY PLAN                    
-------------------------------------------------
 Aggregate
   ->  Seq Scan on suffix_text_tbl
         Filter: (t = 'P0123456789abcdef'::text)
(3 rows)

SELECT count(*) FROM suffix_text_tbl WHERE t = 'P0123456789abcdef';
 count 
-------
  1000
(1 row)

EXPLAIN(COSTS OFF)
SELECT count(*) FROM suffix_text_tbl WHERE t = 'P0123456789abcde';
                   QUERY PLAN                   
------------------------------------------------
 Aggregate
   ->  Seq Scan on suffix_text_tbl
         Filter: (t = 'P0123456789abcde'::text)
(3 rows)

SELECT count(*) FROM suffix_text_tbl WHERE t = 'P0123456789abcde';
 count 
-------
     1
(1 row)

EXPLAIN(COSTS OFF)
SELECT count(*) FROM suffix_text_tbl WHERE t = 'P0123456789abcdefF';
                    QUERY PLAN                    
--------------------------------------------------
 Aggregate
   ->  Seq Scan on suffix_text_tbl
         Filter: (t = 'P0123456789abcdefF'::text)
(3 rows)

SELECT count(*) FROM suffix_text_tbl WHERE t = 'P0123456789abcdefF';
 count 
-------
     1
(1 row)

EXPLAIN(COSTS OFF)
SELECT count(*) FROM suffix_text_tbl WHERE t <    'Aztec                         Ct  ';
                            QUERY PLAN                            
------------------------------------------------------------------
 Aggregate
   ->  Seq Scan on suffix_text_tbl
         Filter: (t < 'Aztec                         Ct  '::text)
(3 rows)

SELECT count(*) FROM suffix_text_tbl WHERE t <    'Aztec                         Ct  ';
 count 
-------
     0
(1 row)

EXPLAIN(COSTS OFF)
SELECT count(*) FROM suffix_text_tbl WHERE t ~<~  'Aztec                         Ct  ';
                             QUERY PLAN                             
--------------------------------------------------------------------
 Aggregate
   ->  Seq Scan on suffix_text_tbl
         Filter: (t ~<~ 'Aztec                         Ct  '::text)
(3 rows)

SELECT count(*) FROM suffix_text_tbl WHERE t ~<~  'Aztec                         Ct  ';
 count 
-------
     0
(1 row)

EXPLAIN(COSTS OFF)
SELECT count(*) FROM suffix_text_tbl WHERE t <=   'Aztec                         Ct  ';
                            QUERY PLAN                             
-------------------------------------------------------------------
 Aggregate
   ->  Seq Scan on suffix_text_tbl
         Filter: (t <= 'Aztec                         Ct  '::text)
(3 rows)

SELECT count(*) FROM suffix_text_tbl WHERE t <=   'Aztec                         Ct  ';
 count 
-------
     0
(1 row)

EXPLAIN(COSTS OFF)
SELECT count(*) FROM suffix_text_tbl WHERE t ~<=~ 'Aztec                         Ct  ';
                             QUERY PLAN                              
---------------------------------------------------------------------
 Aggregate
   ->  Seq Scan on suffix_text_tbl
         Filter: (t ~<=~ 'Aztec                         Ct  '::text)
(3 rows)

SELECT count(*) FROM suffix_text_tbl WHERE t ~<=~ 'Aztec                         Ct  ';
 count 
-------
     0
(1 row)

EXPLAIN(COSTS OFF)
SELECT count(*) FROM suffix_text_tbl WHERE t =    'Aztec                         Ct  ';
                            QUERY PLAN                            
------------------------------------------------------------------
 Aggregate
   ->  Seq Scan on suffix_text_tbl
         Filter: (t = 'Aztec                         Ct  '::text)
(3 rows)

SELECT count(*) FROM suffix_text_tbl WHERE t =    'Aztec                         Ct  ';
 count 
-------
     0
(1 row)

EXPLAIN(COSTS OFF)
SELECT count(*) FROM suffix_text_tbl WHERE t =    'Worth                         St  ';
                            QUERY PLAN                            
------------------------------------------------------------------
 Aggregate
   ->  Seq Scan on suffix_text_tbl
         Filter: (t = 'Worth                         St  '::text)
(3 rows)

SELECT count(*) FROM suffix_text_tbl WHERE t =    'Worth                         St  ';
 count 
-------
     0
(1 row)

EXPLAIN(COSTS OFF)
SELECT count(*) FROM suffix_text_tbl WHERE t >=   'Worth                         St  ';
                            QUERY PLAN                             
-------------------------------------------------------------------
 Aggregate
   ->  Seq Scan on suffix_text_tbl
         Filter: (t >= 'Worth                         St  '::text)
(3 rows)

SELECT count(*) FROM suffix_text_tbl WHERE t >=   'Worth                         St  ';
 count 
-------
     0
(1 row)

EXPLAIN(COSTS OFF)
SELECT count(*) FROM suffix_text_tbl WHERE t ~>=~ 'Worth                         St  ';
                             QUERY PLAN                              
---------------------------------------------------------------------
 Aggregate
   ->  Seq Scan on suffix_text_tbl
         Filter: (t ~>=~ 'Worth                         St  '::text)
(3 rows)

SELECT count(*) FROM suffix_text_tbl WHERE t ~>=~ 'Worth                         St  ';
 count 
-------
     0
(1 row)

EXPLAIN(COSTS OFF)
SELECT count(*) FROM suffix_text_tbl WHERE t >    'Worth                         St  ';
                            QUERY PLAN                            
------------------------------------------------------------------
 Aggregate
   ->  Seq Scan on suffix_text_tbl
         Filter: (t > 'Worth                         St  '::text)
(3 rows)

SELECT count(*) FROM suffix_text_tbl WHERE t >    'Worth                         St  ';
 count 
-------
     0
(1 row)

EXPLAIN(COSTS OFF)
SELECT count(*) FROM suffix_text_tbl WHERE t ~>~  'Worth                         St  ';
                             QUERY PLAN                             
--------------------------------------------------------------------
 Aggregate
   ->  Seq Scan on suffix_text_tbl
         Filter: (t ~>~ 'Worth                         St  '::text)
(3 rows)

SELECT count(*) FROM suffix_text_tbl WHERE t ~>~  'Worth                         St  ';
 count 
-------
     0
(1 row)

RESET enable_seqscan;
RESET enable_indexscan;
RESET enable_bitmapscan;
