START TRANSACTION;
DROP TABLE IF EXISTS test_astore;
NOTICE:  table "test_astore" does not exist, skipping
CREATE TABLE test_astore (user_id serial PRIMARY KEY, time_clock VARCHAR ( 50 ));
NOTICE:  CREATE TABLE will create implicit sequence "test_astore_user_id_seq" for serial column "test_astore.user_id"
NOTICE:  CREATE TABLE / PRIMARY KEY will create implicit index "test_astore_pkey" for table "test_astore"
CREATE INDEX test_astore_idx ON test_astore(user_id);
insert into test_astore select generate_series(1, 200), clock_timestamp();
update test_astore set time_clock = NULL where user_id = 150;
update test_astore set time_clock = 'time' where user_id = 150;
delete test_astore where user_id > 190;
DROP TABLE IF EXISTS test_ustore;
NOTICE:  table "test_ustore" does not exist, skipping
CREATE TABLE test_ustore (user_id serial PRIMARY KEY, time_clock VARCHAR ( 50 )) with(storage_type=ustore);
NOTICE:  CREATE TABLE will create implicit sequence "test_ustore_user_id_seq" for serial column "test_ustore.user_id"
NOTICE:  CREATE TABLE / PRIMARY KEY will create implicit index "test_ustore_pkey" for table "test_ustore"
CREATE INDEX test_ustore_idx ON test_ustore(user_id);
insert into test_ustore select generate_series(1, 200), clock_timestamp();
update test_ustore set time_clock = NULL where user_id = 150;
update test_ustore set time_clock = 'time' where user_id = 150;
delete test_ustore where user_id > 190;
DROP TABLE IF EXISTS test_segment;
NOTICE:  table "test_segment" does not exist, skipping
CREATE TABLE test_segment (a int, b int, c int) with(segment=on);
INSERT INTO test_segment values(generate_series(1,10),generate_series(1,10), generate_series(1,10));
CREATE OR REPLACE FUNCTION gs_parse_page_bypath_test(tablename in varchar2, block_num in int, relation in varchar2, read_mem in bool)
RETURNS table (output text)
LANGUAGE plpgsql
AS
$$
DECLARE
	param1  text;
BEGIN
	SELECT pg_relation_filepath(tablename) into param1;
	return query SELECT gs_parse_page_bypath(''|| param1 ||'', block_num, relation, read_mem);
END;
$$
;
SELECT gs_parse_page_bypath_test('test_astore', 0, 'heap', true);
                                   gs_parse_page_bypath_test                                   
-----------------------------------------------------------------------------------------------
 /data2/jiangyan/openGauss-server/src/test/regress/tmp_check/datanode1/1663_16384_16387_0.page
(1 row)

SELECT gs_parse_page_bypath_test('test_segment', 0, 'segment', true);
                                  gs_parse_page_bypath_test                                   
----------------------------------------------------------------------------------------------
 /data2/jiangyan/openGauss-server/src/test/regress/tmp_check/datanode1/1663_16384_4157_0.page
(1 row)

CHECKPOINT;
SELECT gs_parse_page_bypath_test('test_astore', -1, 'heap', true);
ERROR:  could not read block 2 in file "base/16384/16387": read only 0 of 8192 bytes
CONTEXT:  referenced column: gs_parse_page_bypath
PL/pgSQL function gs_parse_page_bypath_test(character varying,integer,character varying,boolean) line 6 at RETURN QUERY
referenced column: gs_parse_page_bypath_test
SELECT gs_parse_page_bypath_test('test_astore_idx', 1, 'btree', false);
ERROR:  current transaction is aborted, commands ignored until end of transaction block, firstChar[Q]
SELECT gs_parse_page_bypath_test('test_ustore', -1, 'uheap', false);
ERROR:  current transaction is aborted, commands ignored until end of transaction block, firstChar[Q]
SELECT gs_parse_page_bypath_test('test_ustore_idx', 1, 'ubtree', false);
ERROR:  current transaction is aborted, commands ignored until end of transaction block, firstChar[Q]
SELECT gs_parse_page_bypath_test('test_segment', 0, 'segment', false);
ERROR:  current transaction is aborted, commands ignored until end of transaction block, firstChar[Q]
DROP INDEX IF EXISTS test_astore_idx;
ERROR:  current transaction is aborted, commands ignored until end of transaction block, firstChar[Q]
DROP TABLE IF EXISTS test_astore;
ERROR:  current transaction is aborted, commands ignored until end of transaction block, firstChar[Q]
DROP INDEX IF EXISTS test_ustore_idx;
ERROR:  current transaction is aborted, commands ignored until end of transaction block, firstChar[Q]
DROP TABLE IF EXISTS test_ustore;
ERROR:  current transaction is aborted, commands ignored until end of transaction block, firstChar[Q]
DROP TABLE IF EXISTS test_segment;
ERROR:  current transaction is aborted, commands ignored until end of transaction block, firstChar[Q]
COMMIT;
