-- prepare
DROP SCHEMA segment_subpartition_gpi CASCADE;
ERROR:  schema "segment_subpartition_gpi" does not exist
CREATE SCHEMA segment_subpartition_gpi;
SET CURRENT_SCHEMA TO segment_subpartition_gpi;
-- base function
CREATE TABLE range_list
(
    month_code VARCHAR2 ( 30 ) NOT NULL ,
    dept_code  VARCHAR2 ( 30 ) NOT NULL ,
    user_no    VARCHAR2 ( 30 ) NOT NULL ,
    sales_amt  int
) WITH (SEGMENT=ON)
PARTITION BY RANGE (month_code) SUBPARTITION BY LIST (dept_code)
(
  PARTITION p_201901 VALUES LESS THAN( '201903' )
  (
    SUBPARTITION p_201901_a values ('1'),
    SUBPARTITION p_201901_b values ('2')
  ),
  PARTITION p_201902 VALUES LESS THAN( '201910' )
  (
    SUBPARTITION p_201902_a values ('1'),
    SUBPARTITION p_201902_b values ('2')
  )
);
create index idx_month_code_local on range_list(month_code) local;
create index idx_dept_code_global on range_list(dept_code) global;
create index idx_user_no_global on range_list(user_no) global;
insert into range_list values('201902', '1', '1', 1);
insert into range_list values('201902', '2', '1', 1);
insert into range_list values('201902', '1', '1', 1);
insert into range_list values('201903', '2', '2', 1);
insert into range_list values('201903', '1', '1', 1);
insert into range_list values('201903', '2', '1', 1);
select * from range_list order by 1, 2, 3, 4;
 month_code | dept_code | user_no | sales_amt 
------------+-----------+---------+-----------
 201902     | 1         | 1       |         1
 201902     | 1         | 1       |         1
 201902     | 2         | 1       |         1
 201903     | 1         | 1       |         1
 201903     | 2         | 1       |         1
 201903     | 2         | 2       |         1
(6 rows)

