--
-- CREATE_TABLE
--
-- Datatypes
CREATE TABLE datatype_table (
    id             SERIAL,
    id_big         BIGSERIAL,
    is_small       SMALLSERIAL,
    v_bytea        BYTEA,
    v_smallint     SMALLINT,
    v_int          INT,
    v_bigint       BIGINT,
    v_char         CHAR(1),
    v_varchar      VARCHAR(10),
    v_text         TEXT,
    v_bool         BOOLEAN,
    v_inet         INET,
    v_cidr         CIDR,
    v_macaddr      MACADDR,
    v_numeric      NUMERIC(1,0),
    v_real         REAL,
    v_float        FLOAT(1),
    v_float8       FLOAT8,
    v_money        MONEY,
    v_tsquery      TSQUERY,
    v_tsvector     TSVECTOR,
    v_date         DATE,
    v_time         TIME,
    v_time_tz      TIME WITH TIME ZONE,
    v_timestamp    TIMESTAMP,
    v_timestamp_tz TIMESTAMP WITH TIME ZONE,
    v_interval     INTERVAL,
    v_bit          BIT,
    v_bit4         BIT(4),
    v_varbit       VARBIT,
    v_varbit4      VARBIT(4),
    v_box          BOX,
    v_circle       CIRCLE,
    v_lseg         LSEG,
    v_path         PATH,
    v_point        POINT,
    v_polygon      POLYGON,
    v_json         JSON,
    v_xml          XML,
    v_uuid         UUID,
    v_txid_snapshot txid_snapshot,
    v_enum         ENUM_TEST,
    v_postal_code  japanese_postal_code,
    v_int2range    int2range,
    PRIMARY KEY (id),
    UNIQUE (id_big)
);
NOTICE:  CREATE TABLE will create implicit sequence "datatype_table_id_seq" for serial column "datatype_table.id"
NOTICE:  CREATE TABLE will create implicit sequence "datatype_table_id_big_seq" for serial column "datatype_table.id_big"
NOTICE:  CREATE TABLE will create implicit sequence "datatype_table_is_small_seq" for serial column "datatype_table.is_small"
NOTICE:  DDL test: type simple, tag CREATE SEQUENCE
NOTICE:  DDL test: type simple, tag CREATE SEQUENCE
NOTICE:  DDL test: type simple, tag CREATE SEQUENCE
NOTICE:  CREATE TABLE / PRIMARY KEY will create implicit index "datatype_table_pkey" for table "datatype_table"
NOTICE:  DDL test: type simple, tag CREATE INDEX
NOTICE:  CREATE TABLE / UNIQUE will create implicit index "datatype_table_id_big_key" for table "datatype_table"
NOTICE:  DDL test: type simple, tag CREATE INDEX
NOTICE:  DDL test: type simple, tag ALTER SEQUENCE
NOTICE:  DDL test: type simple, tag ALTER SEQUENCE
NOTICE:  DDL test: type simple, tag ALTER SEQUENCE
NOTICE:  DDL test: type simple, tag CREATE TABLE
-- Constraint definitions
CREATE TABLE IF NOT EXISTS fkey_table (
    id           INT NOT NULL DEFAULT nextval('fkey_table_seq'::REGCLASS),
    datatype_id  INT NOT NULL REFERENCES datatype_table(id),
    big_id       BIGINT NOT NULL,
    sometext     TEXT COLLATE "POSIX",
    check_col_1  INT NOT NULL CHECK(check_col_1 < 10),
    check_col_2  INT NOT NULL,
    PRIMARY KEY  (id),
    CONSTRAINT fkey_big_id
      FOREIGN KEY (big_id)
      REFERENCES datatype_table(id_big),
    EXCLUDE USING btree (check_col_2 WITH =)
);
ERROR:  EXCLUDE constraint is not yet supported.
-- Typed table
CREATE TABLE employees OF employee_type (
    PRIMARY KEY (name),
    salary WITH OPTIONS DEFAULT 1000
);
NOTICE:  CREATE TABLE / PRIMARY KEY will create implicit index "employees_pkey" for table "employees"
NOTICE:  DDL test: type simple, tag CREATE INDEX
NOTICE:  DDL test: type simple, tag CREATE TABLE
-- Inheritance
CREATE TABLE person (
    id          INT NOT NULL PRIMARY KEY,
	name 		text,
	age			int4,
	location 	point
);
NOTICE:  CREATE TABLE / PRIMARY KEY will create implicit index "person_pkey" for table "person"
NOTICE:  DDL test: type simple, tag CREATE INDEX
NOTICE:  DDL test: type simple, tag CREATE TABLE
CREATE TABLE emp (
	salary 		int4,
	manager 	name
) INHERITS (person) WITH OIDS;
ERROR:  CREATE TABLE ... INHERITS is not yet supported.
CREATE TABLE student (
	gpa 		float8
) INHERITS (person);
ERROR:  CREATE TABLE ... INHERITS is not yet supported.
CREATE TABLE stud_emp (
	percent 	int4
) INHERITS (emp, student);
ERROR:  CREATE TABLE ... INHERITS is not yet supported.
-- Storage parameters
CREATE TABLE storage (
    id INT
) WITH (
    fillfactor = 10,
    autovacuum_enabled = FALSE
);
NOTICE:  DDL test: type simple, tag CREATE TABLE
-- LIKE
CREATE TABLE like_datatype_table (
  LIKE datatype_table
  EXCLUDING ALL
);
NOTICE:  DDL test: type simple, tag CREATE TABLE
CREATE TABLE like_fkey_table (
  LIKE fkey_table
  INCLUDING DEFAULTS
  INCLUDING INDEXES
  INCLUDING STORAGE
);
ERROR:  Table (null).fkey_table does not exist in current datanode.
LINE 2:   LIKE fkey_table
               ^
-- Volatile table types
CREATE UNLOGGED TABLE unlogged_table (
    id INT PRIMARY KEY
);
NOTICE:  CREATE TABLE / PRIMARY KEY will create implicit index "unlogged_table_pkey" for table "unlogged_table"
NOTICE:  DDL test: type simple, tag CREATE INDEX
NOTICE:  DDL test: type simple, tag CREATE TABLE
CREATE TEMP TABLE temp_table (
    id INT PRIMARY KEY
);
NOTICE:  CREATE TABLE / PRIMARY KEY will create implicit index "temp_table_pkey" for table "temp_table"
NOTICE:  DDL test: type simple, tag CREATE INDEX
NOTICE:  DDL test: type simple, tag CREATE TABLE
CREATE TEMP TABLE temp_table_commit_delete (
    id INT PRIMARY KEY
)
ON COMMIT DELETE ROWS;
NOTICE:  CREATE TABLE / PRIMARY KEY will create implicit index "temp_table_commit_delete_pkey" for table "temp_table_commit_delete"
NOTICE:  DDL test: type simple, tag CREATE INDEX
NOTICE:  DDL test: type simple, tag CREATE TABLE
CREATE TEMP TABLE temp_table_commit_drop (
    id INT PRIMARY KEY
)
ON COMMIT DROP;
ERROR:  ON COMMIT only support PRESERVE ROWS or DELETE ROWS option
