--
-- CREATE_SEQUENCE
--
CREATE SEQUENCE fkey_table_seq
  INCREMENT BY 1
  MINVALUE 0
  MAXVALUE 1000000
  START 10
  CACHE 10
  CYCLE;
NOTICE:  Not advised to use MAXVALUE or MINVALUE together with CACHE.
DETAIL:  If CACHE is defined, some sequence values may be wasted, causing available sequence numbers to be less than expected.
NOTICE:  DDL test: type simple, tag CREATE SEQUENCE
