--
-- Materialized views
--
CREATE MATERIALIZED VIEW ddl_deparse_mv AS
  SELECT * FROM datatype_table LIMIT 1 WITH NO DATA;
ERROR:  WITH NO DATA for materialized views not yet supported
REFRESH MATERIALIZED VIEW ddl_deparse_mv;
ERROR:  relation "ddl_deparse_mv" does not exist
